Impossible
Impossible
Impossible
Impossible
Impossible
Impossible
Impossible
Impossible
Impossible
Impossible
Impossible
Impossible
Impossible
Impossible
Impossible
Impossible
Impossible
Impossible
Impossible
Impossible
Impossible
Impossible
Impossible
Impossible
Impossible
Impossible
Impossible
Impossible
Impossible
Impossible
Impossible
Impossible
Impossible
Impossible
Impossible
Impossible
Impossible
Impossible
Impossible
Impossible
Impossible
Impossible
Impossible
Impossible
Impossible
Impossible
Impossible
Impossible
Impossible
Impossible
Impossible
38.354430
Impossible
Impossible
Impossible
Impossible
Impossible
Impossible
Impossible
Impossible
Impossible
Impossible
Impossible
Impossible
Impossible
Impossible
Impossible
Impossible
Impossible
Impossible
Impossible
Impossible
Impossible
Impossible
Impossible
Impossible
Impossible
Impossible
Impossible
Impossible
Impossible
Impossible
Impossible
Impossible
Impossible
Impossible
Impossible
Impossible
Impossible
Impossible
Impossible
Impossible
Impossible
Impossible
Impossible
Impossible
Impossible
Impossible
Impossible
Impossible
Impossible
Impossible
Impossible
Impossible
Impossible
Impossible
Impossible
Impossible
Impossible
Impossible
Impossible
Impossible
Impossible
Impossible
Impossible
Impossible
Impossible
Impossible
Impossible
Impossible
Impossible
Impossible
Impossible
Impossible
Impossible
Impossible
Impossible
Impossible
Impossible
Impossible
Impossible
Impossible
Impossible
Impossible
Impossible
Impossible
Impossible
Impossible
Impossible
Impossible
Impossible
Impossible
Impossible
Impossible
Impossible
Impossible
Impossible
Impossible
Impossible
Impossible
Impossible
Impossible
Impossible
Impossible
Impossible
Impossible
Impossible
Impossible
Impossible
Impossible
Impossible
Impossible
Impossible
Impossible
Impossible
Impossible
Impossible
Impossible
Impossible
Impossible
Impossible
Impossible
Impossible
Impossible
Impossible
Impossible
Impossible
Impossible
Impossible
Impossible
Impossible
Impossible
Impossible
Impossible
Impossible
Impossible
Impossible
Impossible
Impossible
Impossible
Impossible
Impossible
Impossible
Impossible
Impossible
Impossible
Impossible
Impossible
Impossible
Impossible
Impossible
Impossible
Impossible
Impossible
Impossible
Impossible
Impossible
Impossible
Impossible
Impossible
Impossible
Impossible
Impossible
Impossible
Impossible
Impossible
Impossible
Impossible
Impossible
Impossible
Impossible
Impossible
Impossible
Impossible
Impossible
Impossible
Impossible
Impossible
Impossible
Impossible
Impossible
Impossible
Impossible
Impossible
Impossible
Impossible
Impossible
Impossible
Impossible
Impossible
Impossible
Impossible
Impossible
Impossible
Impossible
Impossible
Impossible
Impossible
Impossible
Impossible
Impossible
Impossible
Impossible
Impossible
Impossible
Impossible
Impossible
Impossible
Impossible
Impossible
Impossible
Impossible
Impossible
Impossible
Impossible
Impossible
Impossible
Impossible
Impossible
Impossible
Impossible
Impossible
Impossible
Impossible
Impossible
Impossible
Impossible
Impossible
Impossible
Impossible
Impossible
Impossible
Impossible
Impossible
Impossible
Impossible
Impossible
Impossible
Impossible
Impossible
24.596491
Impossible
Impossible
Impossible
Impossible
Impossible
Impossible
Impossible
Impossible
Impossible
Impossible
Impossible
Impossible
Impossible
Impossible
Impossible
Impossible
Impossible
Impossible
Impossible
Impossible
Impossible
Impossible
Impossible
Impossible
Impossible
Impossible
Impossible
Impossible
Impossible
Impossible
Impossible
Impossible
Impossible
Impossible
Impossible
Impossible
Impossible
Impossible
Impossible
Impossible
Impossible
Impossible
Impossible
Impossible
Impossible
Impossible
Impossible
Impossible
Impossible
Impossible
Impossible
Impossible
Impossible
Impossible
Impossible
Impossible
Impossible
Impossible
Impossible
Impossible
Impossible
Impossible
Impossible
Impossible
Impossible
Impossible
Impossible
Impossible
Impossible
Impossible
Impossible
Impossible
Impossible
Impossible
Impossible
Impossible
Impossible
Impossible
Impossible
Impossible
Impossible
Impossible
Impossible
Impossible
Impossible
Impossible
Impossible
Impossible
Impossible
Impossible
Impossible
Impossible
Impossible
Impossible
Impossible
Impossible
Impossible
Impossible
Impossible
Impossible
Impossible
Impossible
Impossible
Impossible
Impossible
Impossible
Impossible
Impossible
Impossible
Impossible
Impossible
Impossible
Impossible
Impossible
Impossible
Impossible
Impossible
Impossible
Impossible
Impossible
Impossible
Impossible
Impossible
Impossible
Impossible
Impossible
Impossible
Impossible
Impossible
Impossible
Impossible
Impossible
Impossible
Impossible
Impossible
Impossible
Impossible
Impossible
Impossible
Impossible
Impossible
Impossible
Impossible
Impossible
Impossible
Impossible
Impossible
Impossible
Impossible
Impossible
Impossible
Impossible
Impossible
Impossible
Impossible
Impossible
Impossible
Impossible
Impossible
Impossible
Impossible
Impossible
Impossible
Impossible
Impossible
Impossible
Impossible
Impossible
Impossible
Impossible
Impossible
Impossible
Impossible
Impossible
Impossible
Impossible
Impossible
Impossible
Impossible
Impossible
Impossible
Impossible
Impossible
Impossible
Impossible
Impossible
Impossible
Impossible
Impossible
Impossible
Impossible
Impossible
Impossible
Impossible
Impossible
Impossible
Impossible
Impossible
Impossible
Impossible
Impossible
Impossible
Impossible
Impossible
Impossible
Impossible
Impossible
Impossible
Impossible
Impossible
Impossible
Impossible
Impossible
Impossible
Impossible
Impossible
Impossible
Impossible
Impossible
Impossible
Impossible
Impossible
Impossible
Impossible
Impossible
Impossible
Impossible
Impossible
Impossible
Impossible
Impossible
Impossible
Impossible
Impossible
Impossible
Impossible
Impossible
Impossible
Impossible
Impossible
Impossible
Impossible
Impossible
Impossible
Impossible
Impossible
Impossible
Impossible
Impossible
Impossible
Impossible
Impossible
Impossible
Impossible
Impossible
Impossible
Impossible
Impossible
Impossible
Impossible
Impossible
Impossible
Impossible
Impossible
Impossible
Impossible
Impossible
Impossible
Impossible
Impossible
Impossible
Impossible
Impossible
Impossible
Impossible
Impossible
Impossible
Impossible
Impossible
Impossible
Impossible
Impossible
Impossible
Impossible
Impossible
Impossible
Impossible
Impossible
Impossible
Impossible
Impossible
Impossible
Impossible
Impossible
Impossible
Impossible
Impossible
Impossible
Impossible
Impossible
Impossible
Impossible
Impossible
Impossible
Impossible
Impossible
Impossible
Impossible
Impossible
Impossible
Impossible
Impossible
Impossible
Impossible
Impossible
Impossible
Impossible
Impossible
Impossible
Impossible
Impossible
Impossible
Impossible
Impossible
Impossible
Impossible
Impossible
Impossible
Impossible
Impossible
Impossible
Impossible
Impossible
Impossible
Impossible
Impossible
Impossible
Impossible
Impossible
Impossible
Impossible
Impossible
Impossible
Impossible
Impossible
Impossible
Impossible
Impossible
Impossible
Impossible
Impossible
Impossible
Impossible
Impossible
Impossible
Impossible
Impossible
Impossible
Impossible
Impossible
Impossible
Impossible
Impossible
Impossible
Impossible
Impossible
Impossible
Impossible
Impossible
Impossible
Impossible
Impossible
Impossible
Impossible
Impossible
Impossible
Impossible
Impossible
Impossible
Impossible
Impossible
Impossible
Impossible
Impossible
Impossible
Impossible
Impossible
Impossible
Impossible
Impossible
Impossible
Impossible
Impossible
Impossible
Impossible
Impossible
Impossible
Impossible
Impossible
Impossible
Impossible
Impossible
Impossible
Impossible
Impossible
Impossible
Impossible
Impossible
Impossible
Impossible
Impossible
Impossible
Impossible
Impossible
Impossible
Impossible
Impossible
Impossible
Impossible
Impossible
Impossible
Impossible
Impossible
Impossible
Impossible
Impossible
Impossible
Impossible
Impossible
Impossible
Impossible
Impossible
Impossible
Impossible
Impossible
Impossible
Impossible
Impossible
Impossible
Impossible
Impossible
Impossible
Impossible
Impossible
Impossible
Impossible
Impossible
Impossible
Impossible
Impossible
Impossible
Impossible
Impossible
Impossible
Impossible
Impossible
Impossible
Impossible
Impossible
Impossible
Impossible
Impossible
Impossible
Impossible
Impossible
Impossible
Impossible
Impossible
Impossible
Impossible
Impossible
Impossible
Impossible
Impossible
Impossible
Impossible
Impossible
Impossible
Impossible
Impossible
Impossible
Impossible
Impossible
Impossible
Impossible
Impossible
Impossible
Impossible
Impossible
Impossible
Impossible
Impossible
Impossible
Impossible
Impossible
Impossible
Impossible
Impossible
Impossible
Impossible
Impossible
Impossible
Impossible
Impossible
Impossible
Impossible
Impossible
Impossible
Impossible
Impossible
Impossible
Impossible
Impossible
Impossible
2.000000
Impossible
Impossible
Impossible
Impossible
Impossible
Impossible
Impossible
Impossible
Impossible
Impossible
Impossible
Impossible
Impossible
Impossible
Impossible
Impossible
Impossible
Impossible
Impossible
Impossible
44.646465
Impossible
Impossible
Impossible
Impossible
Impossible
Impossible
Impossible
Impossible
Impossible
Impossible
Impossible
Impossible
Impossible
Impossible
Impossible
Impossible
Impossible
Impossible
Impossible
Impossible
Impossible
Impossible
Impossible
Impossible
Impossible
Impossible
Impossible
Impossible
Impossible
Impossible
Impossible
Impossible
Impossible
Impossible
Impossible
Impossible
Impossible
Impossible
Impossible
Impossible
Impossible
Impossible
Impossible
Impossible
Impossible
Impossible
Impossible
Impossible
Impossible
Impossible
Impossible
Impossible
Impossible
Impossible
Impossible
Impossible
Impossible
Impossible
Impossible
Impossible
Impossible
Impossible
Impossible
Impossible
Impossible
Impossible
Impossible
Impossible
Impossible
Impossible
Impossible
Impossible
Impossible
Impossible
Impossible
Impossible
Impossible
Impossible
Impossible
Impossible
Impossible
Impossible
Impossible
Impossible
Impossible
Impossible
Impossible
Impossible
Impossible
Impossible
Impossible
Impossible
Impossible
Impossible
Impossible
Impossible
Impossible
Impossible
Impossible
Impossible
Impossible
Impossible
Impossible
Impossible
Impossible
Impossible
Impossible
Impossible
Impossible
Impossible
Impossible
Impossible
Impossible
Impossible
Impossible
Impossible
Impossible
Impossible
Impossible
Impossible
Impossible
Impossible
27.666667
Impossible
Impossible
Impossible
Impossible
Impossible
Impossible
Impossible
Impossible
Impossible
Impossible
Impossible
Impossible
Impossible
Impossible
Impossible
Impossible
Impossible
Impossible
Impossible
Impossible
Impossible
Impossible
Impossible
Impossible
Impossible
Impossible
Impossible
Impossible
Impossible
Impossible
Impossible
Impossible
Impossible
Impossible
Impossible
Impossible
Impossible
Impossible
Impossible
Impossible
Impossible
Impossible
Impossible
Impossible
Impossible
Impossible
Impossible
Impossible
Impossible
Impossible
