Impossible
Impossible
Impossible
Impossible
Impossible
Impossible
Impossible
Impossible
178.609323
Impossible
Impossible
Impossible
Impossible
Impossible
Impossible
Impossible
Impossible
Impossible
Impossible
Impossible
Impossible
Impossible
Impossible
Impossible
Impossible
Impossible
Impossible
102.004938
Impossible
Impossible
Impossible
Impossible
Impossible
Impossible
126.519841
Impossible
Impossible
Impossible
Impossible
Impossible
Impossible
Impossible
Impossible
Impossible
Impossible
Impossible
Impossible
Impossible
Impossible
Impossible
Impossible
Impossible
Impossible
363.205157
Impossible
Impossible
Impossible
Impossible
Impossible
Impossible
Impossible
Impossible
Impossible
Impossible
Impossible
Impossible
Impossible
Impossible
Impossible
Impossible
Impossible
Impossible
Impossible
Impossible
Impossible
Impossible
Impossible
Impossible
Impossible
Impossible
Impossible
Impossible
Impossible
Impossible
Impossible
Impossible
Impossible
Impossible
Impossible
Impossible
Impossible
Impossible
Impossible
Impossible
Impossible
Impossible
247.022942
Impossible
Impossible
Impossible
